/tmp/ld1-student-20260923-7/E1.png 1280 732
Shared archive loaded.
Link done.
UI LD1 V01 E1 PASS
UI LD1 V01 E2 PASS
/tmp/ld1-student-20260923-7/E3.png 1280 732
UI LD1 V01 E3 PASS
UI LD1 V01 E4 PASS
UI LD1 V01 E5 PASS
UI LD1 V01 E6 PASS
UI LD1 V01 E7 PASS
/tmp/ld1-student-20260923-7/E8.png 1280 732
UI LD1 V01 E8 PASS
/tmp/ld1-student-20260923-7/ataskaita.png 1280 732
UI LD1 V17 E1 PASS
UI LD1 V17 E2 PASS
UI LD1 V17 E3 PASS
UI LD1 V17 E4 PASS
UI LD1 V17 E5 PASS
UI LD1 V17 E6 PASS
UI LD1 V17 E7 PASS
UI LD1 V17 E8 PASS
UI LD1 V64 E1 PASS
UI LD1 V64 E2 PASS
UI LD1 V64 E3 PASS
UI LD1 V64 E4 PASS
UI LD1 V64 E5 PASS
UI LD1 V64 E6 PASS
UI LD1 V64 E7 PASS
UI LD1 V64 E8 PASS
PASS LD1 V17: etapas 1
PASS LD1 V17: etapas 2
PASS LD1 V17: etapas 3
PASS LD1 V17: etapas 4
PASS LD1 V17: etapas 5
PASS LD1 V17: etapas 6
PASS LD1 V17: etapas 7
PASS LD1 V17: etapas 8
