
(process:2868): Gtk-WARNING **: 15:53:51.205: Locale not supported by C library.
	Using the fallback 'C' locale.

(scilab-bin:2868): dbind-WARNING **: 15:53:51.427: AT-SPI: Error retrieving accessibility bus address: org.freedesktop.DBus.Error.ServiceUnknown: The name org.a11y.Bus was not provided by any .service files
Shared archive loaded.
Link done.
PASS LD6 V01: etapas 1
PASS LD6 V01: etapas 2
PASS LD6 V01: etapas 3
PASS LD6 V01: etapas 4
PASS LD6 V01: etapas 5
PASS LD6 V01: etapas 6
PASS LD6 V17: etapas 1
PASS LD6 V17: etapas 2
PASS LD6 V17: etapas 3
PASS LD6 V17: etapas 4
PASS LD6 V17: etapas 5
PASS LD6 V17: etapas 6
PASS LD6 V64: etapas 1
PASS LD6 V64: etapas 2
PASS LD6 V64: etapas 3
PASS LD6 V64: etapas 4
PASS LD6 V64: etapas 5
PASS LD6 V64: etapas 6
xwininfo: can not set locale properly
/home/runner/work/_temp/ld6-ui/E2.png 1280 812
xwininfo: can not set locale properly
/home/runner/work/_temp/ld6-ui/E3.png 1280 812
xwininfo: can not set locale properly
/home/runner/work/_temp/ld6-ui/E4.png 1280 812
xwininfo: can not set locale properly
/home/runner/work/_temp/ld6-ui/E5.png 1280 812
xwininfo: can not set locale properly
/home/runner/work/_temp/ld6-ui/E6.png 1280 812
xwininfo: can not set locale properly
/home/runner/work/_temp/ld6-ui/lygiagretus-V64.png 1280 812
