
(process:3585): Gtk-WARNING **: 19:35:54.173: Locale not supported by C library.
	Using the fallback 'C' locale.

(scilab-bin:3585): dbind-WARNING **: 19:35:54.229: AT-SPI: Error retrieving accessibility bus address: org.freedesktop.DBus.Error.ServiceUnknown: The name org.a11y.Bus was not provided by any .service files
Shared archive loaded.
Link done.
PASS LD7 V01: etapas 1
PASS LD7 V01: etapas 2
PASS LD7 V01: etapas 3
PASS LD7 V01: etapas 4
PASS LD7 V01: etapas 5
PASS LD7 V01: etapas 6
PASS LD7 V17: etapas 1
PASS LD7 V17: etapas 2
PASS LD7 V17: etapas 3
PASS LD7 V17: etapas 4
PASS LD7 V17: etapas 5
PASS LD7 V17: etapas 6
PASS LD7 V64: etapas 1
PASS LD7 V64: etapas 2
PASS LD7 V64: etapas 3
PASS LD7 V64: etapas 4
PASS LD7 V64: etapas 5
PASS LD7 V64: etapas 6
xwininfo: can not set locale properly
/home/runner/work/_temp/ld7-ui/E2.png 1280 812
xwininfo: can not set locale properly
/home/runner/work/_temp/ld7-ui/E3.png 1280 812
xwininfo: can not set locale properly
/home/runner/work/_temp/ld7-ui/E4.png 1280 812
xwininfo: can not set locale properly
/home/runner/work/_temp/ld7-ui/E5.png 1280 812
xwininfo: can not set locale properly
/home/runner/work/_temp/ld7-ui/E6.png 1280 812
xwininfo: can not set locale properly
/home/runner/work/_temp/ld7-ui/trumpasis-V64.png 1280 812
