/home/runner/work/_temp/ld-ergonomics/LD1-E1.png 1280 812
/home/runner/work/_temp/ld-ergonomics/LD1-E5.png 1280 812
/home/runner/work/_temp/ld-ergonomics/LD1-E8.png 1280 812
/home/runner/work/_temp/ld-ergonomics/LD2-E4.png 1280 812
/home/runner/work/_temp/ld-ergonomics/LD2-E8.png 1280 812
/home/runner/work/_temp/ld-ergonomics/LD2-E9.png 1280 812
/home/runner/work/_temp/ld-ergonomics/LD2-E10.png 1280 812
/home/runner/work/_temp/ld-ergonomics/LD3-E1.png 1280 812
/home/runner/work/_temp/ld-ergonomics/LD3-E4.png 1280 812
  "ERGONOMICS_PASS: all 27 stages, three client sizes, probe permutations, stable LD3 redraw"

(process:2878): Gtk-WARNING **: 13:24:36.262: Locale not supported by C library.
	Using the fallback 'C' locale.

(scilab-bin:2878): dbind-WARNING **: 13:24:36.311: AT-SPI: Error retrieving accessibility bus address: org.freedesktop.DBus.Error.ServiceUnknown: The name org.a11y.Bus was not provided by any .service files
xwininfo: can not set locale properly
xwininfo: can not set locale properly
xwininfo: can not set locale properly
xwininfo: can not set locale properly
xwininfo: can not set locale properly
xwininfo: can not set locale properly
xwininfo: can not set locale properly
xwininfo: can not set locale properly
xwininfo: can not set locale properly
