
(process:2861): Gtk-WARNING **: 17:01:01.391: Locale not supported by C library.
	Using the fallback 'C' locale.

(scilab-bin:2861): dbind-WARNING **: 17:01:01.605: AT-SPI: Error retrieving accessibility bus address: org.freedesktop.DBus.Error.ServiceUnknown: The name org.a11y.Bus was not provided by any .service files
Shared archive loaded.
Link done.
PASS LD4 V01: etapas 1
PASS LD4 V01: etapas 2
PASS LD4 V01: etapas 3
PASS LD4 V01: etapas 4
PASS LD4 V01: etapas 5
PASS LD4 V01: etapas 6
PASS LD4 V01: etapas 7
PASS LD4 V17: etapas 1
PASS LD4 V17: etapas 2
PASS LD4 V17: etapas 3
PASS LD4 V17: etapas 4
PASS LD4 V17: etapas 5
PASS LD4 V17: etapas 6
PASS LD4 V17: etapas 7
PASS LD4 V64: etapas 1
PASS LD4 V64: etapas 2
PASS LD4 V64: etapas 3
PASS LD4 V64: etapas 4
PASS LD4 V64: etapas 5
PASS LD4 V64: etapas 6
PASS LD4 V64: etapas 7
xwininfo: can not set locale properly
/home/runner/work/_temp/ld4-ui/E1.png 1280 812
xwininfo: can not set locale properly
/home/runner/work/_temp/ld4-ui/E3.png 1280 812
xwininfo: can not set locale properly
/home/runner/work/_temp/ld4-ui/E6.png 1280 812
xwininfo: can not set locale properly
/home/runner/work/_temp/ld4-ui/rodmenys.png 1600 912
